{
  Message: 'Logging context has been flushed.',
  Data: {},
  Source: 'XunitLogger'
}